{
  "dmnVersion" : "1.1",
  "modelVersion" : "2.0",
  "platformVersion" : "1.0",
  "types" : [ {
    "@kind" : "referenceType",
    "allowedValues" : null,
    "id" : "id-7ed2c81605534972b0f40dd0f1f193c1",
    "isCollection" : true,
    "label" : "A",
    "name" : "a2",
    "typeRef" : {
      "localName" : "number",
      "namespace" : "http://www.omg.org/spec/FEEL/20140401"
    }
  }, {
    "@kind" : "referenceType",
    "allowedValues" : null,
    "id" : "id-ae2671fcf4b52e33a1a6470d04d6a3ca",
    "isCollection" : true,
    "label" : "B",
    "name" : "b",
    "typeRef" : {
      "localName" : "number",
      "namespace" : "http://www.omg.org/spec/FEEL/20140401"
    }
  }, {
    "@kind" : "referenceType",
    "allowedValues" : null,
    "id" : "id-5acae66d9c658f02878c6bc4e0c9a5d0",
    "isCollection" : false,
    "label" : "Body ",
    "name" : "body",
    "typeRef" : {
      "localName" : "number",
      "namespace" : "http://www.omg.org/spec/FEEL/20140401"
    }
  }, {
    "@kind" : "compositeType",
    "id" : "id-683ee4c21044b4895f6a25ba740bd9f1",
    "isCollection" : false,
    "label" : "it",
    "name" : "it",
    "types" : [ {
      "@kind" : "referenceType",
      "allowedValues" : null,
      "id" : "id-683ee4c21044b4895f6a25ba740bd9f1-relation-A",
      "isCollection" : false,
      "label" : "A",
      "name" : "a",
      "typeRef" : {
        "localName" : "number",
        "namespace" : "http://www.omg.org/spec/FEEL/20140401"
      }
    }, {
      "@kind" : "referenceType",
      "allowedValues" : null,
      "id" : "id-683ee4c21044b4895f6a25ba740bd9f1-relation-B",
      "isCollection" : false,
      "label" : "B",
      "name" : "b",
      "typeRef" : {
        "localName" : "number",
        "namespace" : "http://www.omg.org/spec/FEEL/20140401"
      }
    } ]
  }, {
    "@kind" : "referenceType",
    "allowedValues" : null,
    "id" : "id-99d65c1ec6c81f281b2f1e6ec9d72012",
    "isCollection" : true,
    "label" : "Loop",
    "name" : "loop",
    "typeRef" : {
      "localName" : "number",
      "namespace" : "http://www.omg.org/spec/FEEL/20140401"
    }
  }, {
    "@kind" : "compositeType",
    "id" : "id-5ed86e2d3fa2432baa7f913f68654972",
    "isCollection" : true,
    "label" : "Zip1",
    "name" : "zip1",
    "types" : [ {
      "@kind" : "referenceType",
      "allowedValues" : null,
      "id" : "id-5ed86e2d3fa2432baa7f913f68654972-relation-A",
      "isCollection" : false,
      "label" : "A",
      "name" : "a",
      "typeRef" : {
        "localName" : "number",
        "namespace" : "http://www.omg.org/spec/FEEL/20140401"
      }
    }, {
      "@kind" : "referenceType",
      "allowedValues" : null,
      "id" : "id-5ed86e2d3fa2432baa7f913f68654972-relation-B",
      "isCollection" : false,
      "label" : "B",
      "name" : "b",
      "typeRef" : {
        "localName" : "number",
        "namespace" : "http://www.omg.org/spec/FEEL/20140401"
      }
    } ]
  } ],
  "elements" : [ {
    "@kind" : "inputData",
    "id" : "id-5e7bce77b4fa0aecb00fa9c3be3f225a",
    "javaParameterName" : "a4",
    "javaTypeName" : "List<java.math.BigDecimal>",
    "label" : "A",
    "name" : "a4",
    "typeRef" : {
      "localName" : "a2",
      "namespace" : "http://www.provider.com/dmn/1.1/diagram/2798610dcc0f4068861fcb0f4af25ac7.xml"
    }
  }, {
    "@kind" : "inputData",
    "id" : "id-2573b665f7d599fb9d1b8972ba3bab3a",
    "javaParameterName" : "b",
    "javaTypeName" : "List<java.math.BigDecimal>",
    "label" : "B",
    "name" : "b",
    "typeRef" : {
      "localName" : "b",
      "namespace" : "http://www.provider.com/dmn/1.1/diagram/2798610dcc0f4068861fcb0f4af25ac7.xml"
    }
  }, {
    "@kind" : "inputData",
    "id" : "id-ea0f03d48ef57b8e0b3fb41cf8d3212e",
    "javaParameterName" : "it_iterator",
    "javaTypeName" : "type.It",
    "label" : "it",
    "name" : "it_iterator",
    "typeRef" : {
      "localName" : "it",
      "namespace" : "http://www.provider.com/dmn/1.1/diagram/2798610dcc0f4068861fcb0f4af25ac7.xml"
    }
  }, {
    "@kind" : "decision",
    "extensions" : [ ],
    "id" : "id-ccb759d71c2477dd17e26c3a2c1c68ce",
    "informationReferences" : [ {
      "reference" : "id-ea0f03d48ef57b8e0b3fb41cf8d3212e"
    } ],
    "javaOutputTypeName" : "java.math.BigDecimal",
    "javaParameterName" : "body",
    "javaTypeName" : "Body",
    "knowledgeReferences" : [ ],
    "label" : "Body ",
    "name" : "body",
    "typeRef" : {
      "localName" : "body",
      "namespace" : "http://www.provider.com/dmn/1.1/diagram/2798610dcc0f4068861fcb0f4af25ac7.xml"
    }
  }, {
    "@kind" : "decision",
    "extensions" : [ {
      "@kind" : "multiInstanceDecisionLogic",
      "aggregationFunction" : "COLLECT",
      "iterationExpression" : "zip1",
      "iteratorShapeId" : "id-ea0f03d48ef57b8e0b3fb41cf8d3212e",
      "topLevelDecisionId" : "id-ccb759d71c2477dd17e26c3a2c1c68ce"
    } ],
    "id" : "id-448b531deda330b274727b397bcc0955",
    "informationReferences" : [ {
      "reference" : "id-fada51ce664c63874c99e6e7cf630c33"
    } ],
    "javaOutputTypeName" : "List<java.math.BigDecimal>",
    "javaParameterName" : "loop",
    "javaTypeName" : "Loop",
    "knowledgeReferences" : [ ],
    "label" : "Loop",
    "name" : "loop",
    "typeRef" : {
      "localName" : "loop",
      "namespace" : "http://www.provider.com/dmn/1.1/diagram/2798610dcc0f4068861fcb0f4af25ac7.xml"
    }
  }, {
    "@kind" : "decision",
    "extensions" : [ ],
    "id" : "id-fada51ce664c63874c99e6e7cf630c33",
    "informationReferences" : [ {
      "reference" : "id-2573b665f7d599fb9d1b8972ba3bab3a"
    }, {
      "reference" : "id-5e7bce77b4fa0aecb00fa9c3be3f225a"
    } ],
    "javaOutputTypeName" : "List<type.Zip1>",
    "javaParameterName" : "zip1",
    "javaTypeName" : "Zip1",
    "knowledgeReferences" : [ ],
    "label" : "Zip1",
    "name" : "zip1",
    "typeRef" : {
      "localName" : "zip1",
      "namespace" : "http://www.provider.com/dmn/1.1/diagram/2798610dcc0f4068861fcb0f4af25ac7.xml"
    }
  } ]
}