{
  "dmnVersion" : "1.1",
  "modelVersion" : "2.0",
  "platformVersion" : "1.0",
  "types" : [ {
    "@kind" : "referenceType",
    "allowedValues" : null,
    "id" : "id-8552694f8a0c79e716a0748eefa6d0d3",
    "isCollection" : false,
    "label" : "abc",
    "name" : "abc",
    "typeRef" : {
      "localName" : "number",
      "namespace" : "http://www.omg.org/spec/FEEL/20140401"
    }
  }, {
    "@kind" : "referenceType",
    "allowedValues" : null,
    "id" : "id-97c4cdbd7c8cbc1026deb46114c4b31f",
    "isCollection" : false,
    "label" : "num",
    "name" : "num",
    "typeRef" : {
      "localName" : "number",
      "namespace" : "http://www.omg.org/spec/FEEL/20140401"
    }
  } ],
  "elements" : [ {
    "@kind" : "inputData",
    "id" : "id-14745a7c4578ede73ab28a1e32b8fb7e",
    "javaParameterName" : "num",
    "javaTypeName" : "java.math.BigDecimal",
    "label" : "num",
    "name" : "num",
    "transitiveRequiredInput" : [ ],
    "typeRef" : {
      "localName" : "num",
      "namespace" : "http://www.provider.com/dmn/1.1/diagram/e514b8c455264f77addcb9d04c542a78.xml"
    }
  }, {
    "@kind" : "decision",
    "extensions" : [ ],
    "id" : "id-8aa9e01f79dfa6faf953cbccb36e9ead",
    "informationReferences" : [ {
      "reference" : "id-14745a7c4578ede73ab28a1e32b8fb7e"
    } ],
    "javaOutputTypeName" : "java.math.BigDecimal",
    "javaParameterName" : "abc",
    "javaTypeName" : "Abc",
    "knowledgeReferences" : [ ],
    "label" : "abc",
    "name" : "abc",
    "transitiveRequiredInput" : [ {
      "@kind" : "inputData",
      "id" : "id-14745a7c4578ede73ab28a1e32b8fb7e",
      "javaParameterName" : "num",
      "javaTypeName" : "java.math.BigDecimal",
      "label" : "num",
      "name" : "num",
      "transitiveRequiredInput" : [ ],
      "typeRef" : {
        "localName" : "num",
        "namespace" : "http://www.provider.com/dmn/1.1/diagram/e514b8c455264f77addcb9d04c542a78.xml"
      }
    } ],
    "typeRef" : {
      "localName" : "abc",
      "namespace" : "http://www.provider.com/dmn/1.1/diagram/e514b8c455264f77addcb9d04c542a78.xml"
    }
  } ]
}