{
  "dmnVersion" : "1.1",
  "modelVersion" : "2.0",
  "platformVersion" : "1.0",
  "types" : [ {
    "@kind" : "referenceType",
    "allowedValues" : null,
    "id" : "id-b06eb129b14470365f5372c2e46a27f3",
    "isCollection" : false,
    "label" : "abc",
    "name" : "abc",
    "typeRef" : {
      "localName" : "number",
      "namespace" : "http://www.omg.org/spec/FEEL/20140401"
    }
  }, {
    "@kind" : "referenceType",
    "allowedValues" : null,
    "id" : "id-e49de84a20b6287cfdee3034b2107068",
    "isCollection" : false,
    "label" : "num",
    "name" : "num",
    "typeRef" : {
      "localName" : "number",
      "namespace" : "http://www.omg.org/spec/FEEL/20140401"
    }
  }, {
    "@kind" : "referenceType",
    "allowedValues" : null,
    "id" : "id-87d760e7d14455750f2b0af746d82902",
    "isCollection" : false,
    "label" : "SomethingElse",
    "name" : "somethingElse",
    "typeRef" : {
      "localName" : "number",
      "namespace" : "http://www.omg.org/spec/FEEL/20140401"
    }
  } ],
  "elements" : [ {
    "@kind" : "inputData",
    "id" : "id-633e1930a1ad44cae56744496cd663d3",
    "javaParameterName" : "num",
    "javaTypeName" : "java.math.BigDecimal",
    "label" : "num",
    "name" : "num",
    "typeRef" : {
      "localName" : "num",
      "namespace" : "http://www.provider.com/dmn/1.1/diagram/80afa9e878bb4885a8f5be36b6f16abc.xml"
    }
  }, {
    "@kind" : "decision",
    "extensions" : [ ],
    "id" : "id-cd02eb803eaf0f5bf6ae1823636939db",
    "informationReferences" : [ {
      "reference" : "id-633e1930a1ad44cae56744496cd663d3"
    } ],
    "javaOutputTypeName" : "java.math.BigDecimal",
    "javaParameterName" : "abc",
    "javaTypeName" : "Abc",
    "knowledgeReferences" : [ ],
    "label" : "abc",
    "name" : "abc",
    "typeRef" : {
      "localName" : "abc",
      "namespace" : "http://www.provider.com/dmn/1.1/diagram/80afa9e878bb4885a8f5be36b6f16abc.xml"
    }
  }, {
    "@kind" : "decision",
    "extensions" : [ ],
    "id" : "id-7c5358c692497488ed1b1023189410fb",
    "informationReferences" : [ {
      "reference" : "id-cd02eb803eaf0f5bf6ae1823636939db"
    } ],
    "javaOutputTypeName" : "java.math.BigDecimal",
    "javaParameterName" : "childObject",
    "javaTypeName" : "ChildObject",
    "knowledgeReferences" : [ ],
    "label" : "ChildObject",
    "name" : "childObject",
    "typeRef" : {
      "localName" : "abc",
      "namespace" : "http://www.provider.com/dmn/1.1/diagram/80afa9e878bb4885a8f5be36b6f16abc.xml"
    }
  }, {
    "@kind" : "decision",
    "extensions" : [ ],
    "id" : "id-6c8cb98cfc4743b1066d1f6ed28f3f10",
    "informationReferences" : [ {
      "reference" : "id-7c5358c692497488ed1b1023189410fb"
    } ],
    "javaOutputTypeName" : "java.math.BigDecimal",
    "javaParameterName" : "somethingElse",
    "javaTypeName" : "SomethingElse",
    "knowledgeReferences" : [ ],
    "label" : "SomethingElse",
    "name" : "somethingElse",
    "typeRef" : {
      "localName" : "somethingElse",
      "namespace" : "http://www.provider.com/dmn/1.1/diagram/80afa9e878bb4885a8f5be36b6f16abc.xml"
    }
  } ]
}